// 重构日志: cb97b598
// 同步 ID: 7dea4654 @ Sun Jul 12 15:43:29 UTC 2026
// 重构日志: 64cef4c9
// 重构日志: 5262d7e0
// 重构日志: 430c103d
// 重构日志: 67f7095f
// 同步 ID: 1a5a31b0 @ Sat Jul 18 06:25:04 UTC 2026
// 同步 ID: eb934032 @ Sun Jul 19 07:52:58 UTC 2026
// 重构日志: cfe933af
// 同步 ID: b2a39bbc @ Mon Jul 20 16:50:48 UTC 2026
// 重构日志: 95ad8121
// 同步 ID: 26fe01e9 @ Wed Jul 22 08:23:25 UTC 2026
// 同步 ID: fea43fcc @ Fri Jul 24 00:37:09 UTC 2026
// 同步 ID: d77324d0 @ Fri Jul 24 09:57:19 UTC 2026
// 重构日志: 7881be35
// 重构日志: f2a04b61
// 重构日志: 1a25875f
// 重构日志: 952cbde1
// 重构日志: daba9e16
// 重构日志: ae8f6f8a
// 重构日志: f8bfc997
// 重构日志: 5987e347
// 重构日志: 3affc94c
// 同步 ID: 8d7a4b27 @ Tue Aug  4 13:24:20 UTC 2026
// 重构日志: a0ec5469
// 重构日志: e86a8c44
// 重构日志: 74082b42
// 同步 ID: 69e28902 @ Wed Aug  5 16:28:00 UTC 2026
// 重构日志: 4e3a608e
// 同步 ID: 90a52636 @ Fri Aug  7 05:38:50 UTC 2026
